=== 21:37:25 generating SH01-U1-first ===
h3 prompt gate: pass (image, h3-prompt-writing)
h3 prompt gate: pass (image, h3-prompt-writing)
image saved: /home/ubuntu/ads_skill/replication/output/couple-wallkiss-20260925/shots/shot-SH01/images/SH01-U1-first.png
generated; semantic QC required: /home/ubuntu/ads_skill/replication/output/couple-wallkiss-20260925/shots/shot-SH01/images/SH01-U1-first.png
foreign-guard: OK — 0 non-owner files unchanged
unit SH01-U1-first 已生成，待 QC/accept（paid-state: automation/couple-wallkiss.paid-state.json）
  SH01-U1-first exit=0
=== 21:39:45 generating SH02-U1-first ===
h3 prompt gate: pass (image, h3-prompt-writing)
h3 prompt gate: pass (image, h3-prompt-writing)
image saved: /home/ubuntu/ads_skill/replication/output/couple-wallkiss-20260925/shots/shot-SH02/images/SH02-U1-first.png
generated; semantic QC required: /home/ubuntu/ads_skill/replication/output/couple-wallkiss-20260925/shots/shot-SH02/images/SH02-U1-first.png
foreign-guard: OK — 0 non-owner files unchanged
unit SH02-U1-first 已生成，待 QC/accept（paid-state: automation/couple-wallkiss.paid-state.json）
  SH02-U1-first exit=0
=== 21:43:20 generating SH02-U1-last ===
h3 prompt gate: pass (image, h3-prompt-writing)
h3 prompt gate: pass (image, h3-prompt-writing)
image saved: /home/ubuntu/ads_skill/replication/output/couple-wallkiss-20260925/shots/shot-SH02/images/SH02-U1-last.png
generated; semantic QC required: /home/ubuntu/ads_skill/replication/output/couple-wallkiss-20260925/shots/shot-SH02/images/SH02-U1-last.png
foreign-guard: OK — 0 non-owner files unchanged
unit SH02-U1-last 已生成，待 QC/accept（paid-state: automation/couple-wallkiss.paid-state.json）
  SH02-U1-last exit=0
=== 21:46:53 generating SH03-U1-first ===
h3 prompt gate: pass (image, h3-prompt-writing)
h3 prompt gate: pass (image, h3-prompt-writing)
image saved: /home/ubuntu/ads_skill/replication/output/couple-wallkiss-20260925/shots/shot-SH03/images/SH03-U1-first.png
generated; semantic QC required: /home/ubuntu/ads_skill/replication/output/couple-wallkiss-20260925/shots/shot-SH03/images/SH03-U1-first.png
foreign-guard: OK — 0 non-owner files unchanged
unit SH03-U1-first 已生成，待 QC/accept（paid-state: automation/couple-wallkiss.paid-state.json）
  SH03-U1-first exit=0
=== 21:50:23 generating SH03-U1-last ===
h3 prompt gate: pass (image, h3-prompt-writing)
h3 prompt gate: pass (image, h3-prompt-writing)
image saved: /home/ubuntu/ads_skill/replication/output/couple-wallkiss-20260925/shots/shot-SH03/images/SH03-U1-last.png
generated; semantic QC required: /home/ubuntu/ads_skill/replication/output/couple-wallkiss-20260925/shots/shot-SH03/images/SH03-U1-last.png
foreign-guard: OK — 0 non-owner files unchanged
unit SH03-U1-last 已生成，待 QC/accept（paid-state: automation/couple-wallkiss.paid-state.json）
  SH03-U1-last exit=0
=== 21:54:11 generating SH03-U2-first ===
h3 prompt gate: pass (image, h3-prompt-writing)
h3 prompt gate: pass (image, h3-prompt-writing)
image saved: /home/ubuntu/ads_skill/replication/output/couple-wallkiss-20260925/shots/shot-SH03/images/SH03-U2-first.png
generated; semantic QC required: /home/ubuntu/ads_skill/replication/output/couple-wallkiss-20260925/shots/shot-SH03/images/SH03-U2-first.png
foreign-guard: OK — 0 non-owner files unchanged
unit SH03-U2-first 已生成，待 QC/accept（paid-state: automation/couple-wallkiss.paid-state.json）
  SH03-U2-first exit=0
=== 21:58:58 generating SH03-U2-last ===
h3 prompt gate: pass (image, h3-prompt-writing)
h3 prompt gate: pass (image, h3-prompt-writing)
image saved: /home/ubuntu/ads_skill/replication/output/couple-wallkiss-20260925/shots/shot-SH03/images/SH03-U2-last.png
generated; semantic QC required: /home/ubuntu/ads_skill/replication/output/couple-wallkiss-20260925/shots/shot-SH03/images/SH03-U2-last.png
foreign-guard: OK — 0 non-owner files unchanged
unit SH03-U2-last 已生成，待 QC/accept（paid-state: automation/couple-wallkiss.paid-state.json）
  SH03-U2-last exit=0
=== 22:01:13 generating SH04-U1-first ===
h3 prompt gate: pass (image, h3-prompt-writing)
h3 prompt gate: pass (image, h3-prompt-writing)
image saved: /home/ubuntu/ads_skill/replication/output/couple-wallkiss-20260925/shots/shot-SH04/images/SH04-U1-first.png
generated; semantic QC required: /home/ubuntu/ads_skill/replication/output/couple-wallkiss-20260925/shots/shot-SH04/images/SH04-U1-first.png
foreign-guard: OK — 0 non-owner files unchanged
unit SH04-U1-first 已生成，待 QC/accept（paid-state: automation/couple-wallkiss.paid-state.json）
  SH04-U1-first exit=0
=== ALL 8 KEYFRAMES DONE ===
SH01-U1-first: generated_pending_qc
SH02-U1-first: generated_pending_qc
SH02-U1-last: generated_pending_qc
SH03-U1-first: generated_pending_qc
SH03-U1-last: generated_pending_qc
SH03-U2-first: generated_pending_qc
SH03-U2-last: generated_pending_qc
SH04-U1-first: generated_pending_qc
committed: 2.5
