剩余待生成: 26 张
[1/26] 10:45:22 asset SH01-U1-last ...
prompt review gate: pass (image, seedance-prompt-zh)
prompt review gate: pass (image, seedance-prompt-zh)
image saved: /home/ubuntu/ads_skill/replication/output/douyin-fenshou-pengyou-20260918/shots/shot-SH01/images/SH01-U1-last.png
generated; semantic QC required: /home/ubuntu/ads_skill/replication/output/douyin-fenshou-pengyou-20260918/shots/shot-SH01/images/SH01-U1-last.png
foreign-guard: OK — 1 non-owner files unchanged
unit SH01-U1-last 已生成，待 QC/accept（paid-state: automation/fenshou-pengyou.paid-state.json）
SH01-U1-last: technical QC passed; semantic QC pending
unit SH01-U1-last 技术 QC 过（语义 QC 见配置）
[2/26] 10:46:49 asset SH01-U2-first ...
prompt review gate: pass (image, seedance-prompt-zh)
prompt review gate: pass (image, seedance-prompt-zh)
image saved: /home/ubuntu/ads_skill/replication/output/douyin-fenshou-pengyou-20260918/shots/shot-SH01/images/SH01-U2-first.png
generated; semantic QC required: /home/ubuntu/ads_skill/replication/output/douyin-fenshou-pengyou-20260918/shots/shot-SH01/images/SH01-U2-first.png
foreign-guard: OK — 1 non-owner files unchanged
unit SH01-U2-first 已生成，待 QC/accept（paid-state: automation/fenshou-pengyou.paid-state.json）
SH01-U2-first: technical QC passed; semantic QC pending
unit SH01-U2-first 技术 QC 过（语义 QC 见配置）
[3/26] 10:48:23 asset SH01-U2-last ...
prompt review gate: pass (image, seedance-prompt-zh)
prompt review gate: pass (image, seedance-prompt-zh)
image saved: /home/ubuntu/ads_skill/replication/output/douyin-fenshou-pengyou-20260918/shots/shot-SH01/images/SH01-U2-last.png
generated; semantic QC required: /home/ubuntu/ads_skill/replication/output/douyin-fenshou-pengyou-20260918/shots/shot-SH01/images/SH01-U2-last.png
foreign-guard: OK — 1 non-owner files unchanged
unit SH01-U2-last 已生成，待 QC/accept（paid-state: automation/fenshou-pengyou.paid-state.json）
SH01-U2-last: technical QC passed; semantic QC pending
unit SH01-U2-last 技术 QC 过（语义 QC 见配置）
[4/26] 10:50:22 asset SH02-U1-first ...
prompt review gate: pass (image, seedance-prompt-zh)
prompt review gate: pass (image, seedance-prompt-zh)
image saved: /home/ubuntu/ads_skill/replication/output/douyin-fenshou-pengyou-20260918/shots/shot-SH02/images/SH02-U1-first.png
generated; semantic QC required: /home/ubuntu/ads_skill/replication/output/douyin-fenshou-pengyou-20260918/shots/shot-SH02/images/SH02-U1-first.png
foreign-guard: OK — 1 non-owner files unchanged
unit SH02-U1-first 已生成，待 QC/accept（paid-state: automation/fenshou-pengyou.paid-state.json）
SH02-U1-first: technical QC passed; semantic QC pending
unit SH02-U1-first 技术 QC 过（语义 QC 见配置）
[5/26] 10:51:49 asset SH02-U2-first ...
prompt review gate: pass (image, seedance-prompt-zh)
prompt review gate: pass (image, seedance-prompt-zh)
image saved: /home/ubuntu/ads_skill/replication/output/douyin-fenshou-pengyou-20260918/shots/shot-SH02/images/SH02-U2-first.png
generated; semantic QC required: /home/ubuntu/ads_skill/replication/output/douyin-fenshou-pengyou-20260918/shots/shot-SH02/images/SH02-U2-first.png
foreign-guard: OK — 1 non-owner files unchanged
unit SH02-U2-first 已生成，待 QC/accept（paid-state: automation/fenshou-pengyou.paid-state.json）
SH02-U2-first: technical QC passed; semantic QC pending
unit SH02-U2-first 技术 QC 过（语义 QC 见配置）
[6/26] 10:54:07 asset SH03-U1-first ...
prompt review gate: pass (image, seedance-prompt-zh)
prompt review gate: pass (image, seedance-prompt-zh)
image saved: /home/ubuntu/ads_skill/replication/output/douyin-fenshou-pengyou-20260918/shots/shot-SH03/images/SH03-U1-first.png
generated; semantic QC required: /home/ubuntu/ads_skill/replication/output/douyin-fenshou-pengyou-20260918/shots/shot-SH03/images/SH03-U1-first.png
foreign-guard: OK — 1 non-owner files unchanged
unit SH03-U1-first 已生成，待 QC/accept（paid-state: automation/fenshou-pengyou.paid-state.json）
SH03-U1-first: technical QC passed; semantic QC pending
unit SH03-U1-first 技术 QC 过（语义 QC 见配置）
[7/26] 10:57:59 asset SH03-U2-first ...
prompt review gate: pass (image, seedance-prompt-zh)
prompt review gate: pass (image, seedance-prompt-zh)
image saved: /home/ubuntu/ads_skill/replication/output/douyin-fenshou-pengyou-20260918/shots/shot-SH03/images/SH03-U2-first.png
generated; semantic QC required: /home/ubuntu/ads_skill/replication/output/douyin-fenshou-pengyou-20260918/shots/shot-SH03/images/SH03-U2-first.png
foreign-guard: OK — 1 non-owner files unchanged
unit SH03-U2-first 已生成，待 QC/accept（paid-state: automation/fenshou-pengyou.paid-state.json）
SH03-U2-first: technical QC passed; semantic QC pending
unit SH03-U2-first 技术 QC 过（语义 QC 见配置）
[8/26] 11:00:09 asset SH04-U1-first ...
prompt review gate: pass (image, seedance-prompt-zh)
prompt review gate: pass (image, seedance-prompt-zh)
image saved: /home/ubuntu/ads_skill/replication/output/douyin-fenshou-pengyou-20260918/shots/shot-SH04/images/SH04-U1-first.png
generated; semantic QC required: /home/ubuntu/ads_skill/replication/output/douyin-fenshou-pengyou-20260918/shots/shot-SH04/images/SH04-U1-first.png
foreign-guard: OK — 1 non-owner files unchanged
unit SH04-U1-first 已生成，待 QC/accept（paid-state: automation/fenshou-pengyou.paid-state.json）
SH04-U1-first: technical QC passed; semantic QC pending
unit SH04-U1-first 技术 QC 过（语义 QC 见配置）
[9/26] 11:01:37 asset SH04-U2-first ...
prompt review gate: pass (image, seedance-prompt-zh)
prompt review gate: pass (image, seedance-prompt-zh)
image saved: /home/ubuntu/ads_skill/replication/output/douyin-fenshou-pengyou-20260918/shots/shot-SH04/images/SH04-U2-first.png
generated; semantic QC required: /home/ubuntu/ads_skill/replication/output/douyin-fenshou-pengyou-20260918/shots/shot-SH04/images/SH04-U2-first.png
foreign-guard: OK — 1 non-owner files unchanged
unit SH04-U2-first 已生成，待 QC/accept（paid-state: automation/fenshou-pengyou.paid-state.json）
SH04-U2-first: technical QC passed; semantic QC pending
unit SH04-U2-first 技术 QC 过（语义 QC 见配置）
[10/26] 11:04:22 asset SH05-U1-first ...
prompt review gate: pass (image, seedance-prompt-zh)
prompt review gate: pass (image, seedance-prompt-zh)
image saved: /home/ubuntu/ads_skill/replication/output/douyin-fenshou-pengyou-20260918/shots/shot-SH05/images/SH05-U1-first.png
generated; semantic QC required: /home/ubuntu/ads_skill/replication/output/douyin-fenshou-pengyou-20260918/shots/shot-SH05/images/SH05-U1-first.png
foreign-guard: OK — 1 non-owner files unchanged
unit SH05-U1-first 已生成，待 QC/accept（paid-state: automation/fenshou-pengyou.paid-state.json）
SH05-U1-first: technical QC passed; semantic QC pending
unit SH05-U1-first 技术 QC 过（语义 QC 见配置）
[11/26] 11:06:26 asset SH05-U2-first ...
prompt review gate: pass (image, seedance-prompt-zh)
prompt review gate: pass (image, seedance-prompt-zh)
image saved: /home/ubuntu/ads_skill/replication/output/douyin-fenshou-pengyou-20260918/shots/shot-SH05/images/SH05-U2-first.png
generated; semantic QC required: /home/ubuntu/ads_skill/replication/output/douyin-fenshou-pengyou-20260918/shots/shot-SH05/images/SH05-U2-first.png
foreign-guard: OK — 1 non-owner files unchanged
unit SH05-U2-first 已生成，待 QC/accept（paid-state: automation/fenshou-pengyou.paid-state.json）
SH05-U2-first: technical QC passed; semantic QC pending
unit SH05-U2-first 技术 QC 过（语义 QC 见配置）
[12/26] 11:08:47 asset SH06-U1-first ...
prompt review gate: pass (image, seedance-prompt-zh)
prompt review gate: pass (image, seedance-prompt-zh)
image saved: /home/ubuntu/ads_skill/replication/output/douyin-fenshou-pengyou-20260918/shots/shot-SH06/images/SH06-U1-first.png
generated; semantic QC required: /home/ubuntu/ads_skill/replication/output/douyin-fenshou-pengyou-20260918/shots/shot-SH06/images/SH06-U1-first.png
foreign-guard: OK — 1 non-owner files unchanged
unit SH06-U1-first 已生成，待 QC/accept（paid-state: automation/fenshou-pengyou.paid-state.json）
SH06-U1-first: technical QC passed; semantic QC pending
unit SH06-U1-first 技术 QC 过（语义 QC 见配置）
[13/26] 11:10:41 asset SH07-U1-first ...
prompt review gate: pass (image, seedance-prompt-zh)
prompt review gate: pass (image, seedance-prompt-zh)
image saved: /home/ubuntu/ads_skill/replication/output/douyin-fenshou-pengyou-20260918/shots/shot-SH07/images/SH07-U1-first.png
generated; semantic QC required: /home/ubuntu/ads_skill/replication/output/douyin-fenshou-pengyou-20260918/shots/shot-SH07/images/SH07-U1-first.png
foreign-guard: OK — 1 non-owner files unchanged
unit SH07-U1-first 已生成，待 QC/accept（paid-state: automation/fenshou-pengyou.paid-state.json）
SH07-U1-first: technical QC passed; semantic QC pending
unit SH07-U1-first 技术 QC 过（语义 QC 见配置）
[14/26] 11:11:57 asset SH07-U2-first ...
prompt review gate: pass (image, seedance-prompt-zh)
prompt review gate: pass (image, seedance-prompt-zh)
image saved: /home/ubuntu/ads_skill/replication/output/douyin-fenshou-pengyou-20260918/shots/shot-SH07/images/SH07-U2-first.png
generated; semantic QC required: /home/ubuntu/ads_skill/replication/output/douyin-fenshou-pengyou-20260918/shots/shot-SH07/images/SH07-U2-first.png
foreign-guard: OK — 1 non-owner files unchanged
unit SH07-U2-first 已生成，待 QC/accept（paid-state: automation/fenshou-pengyou.paid-state.json）
SH07-U2-first: technical QC passed; semantic QC pending
unit SH07-U2-first 技术 QC 过（语义 QC 见配置）
[15/26] 11:14:04 asset SH08-U1-first ...
prompt review gate: pass (image, seedance-prompt-zh)
prompt review gate: pass (image, seedance-prompt-zh)
image saved: /home/ubuntu/ads_skill/replication/output/douyin-fenshou-pengyou-20260918/shots/shot-SH08/images/SH08-U1-first.png
generated; semantic QC required: /home/ubuntu/ads_skill/replication/output/douyin-fenshou-pengyou-20260918/shots/shot-SH08/images/SH08-U1-first.png
foreign-guard: OK — 1 non-owner files unchanged
unit SH08-U1-first 已生成，待 QC/accept（paid-state: automation/fenshou-pengyou.paid-state.json）
SH08-U1-first: technical QC passed; semantic QC pending
unit SH08-U1-first 技术 QC 过（语义 QC 见配置）
[16/26] 11:16:09 asset SH08-U1-last ...
prompt review gate: pass (image, seedance-prompt-zh)
prompt review gate: pass (image, seedance-prompt-zh)
image saved: /home/ubuntu/ads_skill/replication/output/douyin-fenshou-pengyou-20260918/shots/shot-SH08/images/SH08-U1-last.png
generated; semantic QC required: /home/ubuntu/ads_skill/replication/output/douyin-fenshou-pengyou-20260918/shots/shot-SH08/images/SH08-U1-last.png
foreign-guard: OK — 1 non-owner files unchanged
unit SH08-U1-last 已生成，待 QC/accept（paid-state: automation/fenshou-pengyou.paid-state.json）
SH08-U1-last: technical QC passed; semantic QC pending
unit SH08-U1-last 技术 QC 过（语义 QC 见配置）
[17/26] 11:18:11 asset SH09-U1-first ...
prompt review gate: pass (image, seedance-prompt-zh)
prompt review gate: pass (image, seedance-prompt-zh)
image saved: /home/ubuntu/ads_skill/replication/output/douyin-fenshou-pengyou-20260918/shots/shot-SH09/images/SH09-U1-first.png
generated; semantic QC required: /home/ubuntu/ads_skill/replication/output/douyin-fenshou-pengyou-20260918/shots/shot-SH09/images/SH09-U1-first.png
foreign-guard: OK — 1 non-owner files unchanged
unit SH09-U1-first 已生成，待 QC/accept（paid-state: automation/fenshou-pengyou.paid-state.json）
SH09-U1-first: technical QC passed; semantic QC pending
unit SH09-U1-first 技术 QC 过（语义 QC 见配置）
[18/26] 11:20:17 asset SH09-U1-last ...
prompt review gate: pass (image, seedance-prompt-zh)
prompt review gate: pass (image, seedance-prompt-zh)
image saved: /home/ubuntu/ads_skill/replication/output/douyin-fenshou-pengyou-20260918/shots/shot-SH09/images/SH09-U1-last.png
generated; semantic QC required: /home/ubuntu/ads_skill/replication/output/douyin-fenshou-pengyou-20260918/shots/shot-SH09/images/SH09-U1-last.png
foreign-guard: OK — 1 non-owner files unchanged
unit SH09-U1-last 已生成，待 QC/accept（paid-state: automation/fenshou-pengyou.paid-state.json）
SH09-U1-last: technical QC passed; semantic QC pending
unit SH09-U1-last 技术 QC 过（语义 QC 见配置）
[19/26] 11:22:30 asset SH09-U2-first ...
prompt review gate: pass (image, seedance-prompt-zh)
prompt review gate: pass (image, seedance-prompt-zh)
image saved: /home/ubuntu/ads_skill/replication/output/douyin-fenshou-pengyou-20260918/shots/shot-SH09/images/SH09-U2-first.png
generated; semantic QC required: /home/ubuntu/ads_skill/replication/output/douyin-fenshou-pengyou-20260918/shots/shot-SH09/images/SH09-U2-first.png
foreign-guard: OK — 1 non-owner files unchanged
unit SH09-U2-first 已生成，待 QC/accept（paid-state: automation/fenshou-pengyou.paid-state.json）
SH09-U2-first: technical QC passed; semantic QC pending
unit SH09-U2-first 技术 QC 过（语义 QC 见配置）
[20/26] 11:24:52 asset SH09-U2-last ...
prompt review gate: pass (image, seedance-prompt-zh)
prompt review gate: pass (image, seedance-prompt-zh)
image saved: /home/ubuntu/ads_skill/replication/output/douyin-fenshou-pengyou-20260918/shots/shot-SH09/images/SH09-U2-last.png
generated; semantic QC required: /home/ubuntu/ads_skill/replication/output/douyin-fenshou-pengyou-20260918/shots/shot-SH09/images/SH09-U2-last.png
foreign-guard: OK — 1 non-owner files unchanged
unit SH09-U2-last 已生成，待 QC/accept（paid-state: automation/fenshou-pengyou.paid-state.json）
SH09-U2-last: technical QC passed; semantic QC pending
unit SH09-U2-last 技术 QC 过（语义 QC 见配置）
[21/26] 11:28:06 asset SH10-U1-first ...
prompt review gate: pass (image, seedance-prompt-zh)
prompt review gate: pass (image, seedance-prompt-zh)
image saved: /home/ubuntu/ads_skill/replication/output/douyin-fenshou-pengyou-20260918/shots/shot-SH10/images/SH10-U1-first.png
generated; semantic QC required: /home/ubuntu/ads_skill/replication/output/douyin-fenshou-pengyou-20260918/shots/shot-SH10/images/SH10-U1-first.png
foreign-guard: OK — 1 non-owner files unchanged
unit SH10-U1-first 已生成，待 QC/accept（paid-state: automation/fenshou-pengyou.paid-state.json）
SH10-U1-first: technical QC passed; semantic QC pending
unit SH10-U1-first 技术 QC 过（语义 QC 见配置）
[22/26] 11:30:41 asset SH10-U2-first ...
prompt review gate: pass (image, seedance-prompt-zh)
prompt review gate: pass (image, seedance-prompt-zh)
image saved: /home/ubuntu/ads_skill/replication/output/douyin-fenshou-pengyou-20260918/shots/shot-SH10/images/SH10-U2-first.png
generated; semantic QC required: /home/ubuntu/ads_skill/replication/output/douyin-fenshou-pengyou-20260918/shots/shot-SH10/images/SH10-U2-first.png
foreign-guard: OK — 1 non-owner files unchanged
unit SH10-U2-first 已生成，待 QC/accept（paid-state: automation/fenshou-pengyou.paid-state.json）
SH10-U2-first: technical QC passed; semantic QC pending
unit SH10-U2-first 技术 QC 过（语义 QC 见配置）
[23/26] 11:32:27 asset SH11-U1-first ...
prompt review gate: pass (image, seedance-prompt-zh)
prompt review gate: pass (image, seedance-prompt-zh)
image saved: /home/ubuntu/ads_skill/replication/output/douyin-fenshou-pengyou-20260918/shots/shot-SH11/images/SH11-U1-first.png
generated; semantic QC required: /home/ubuntu/ads_skill/replication/output/douyin-fenshou-pengyou-20260918/shots/shot-SH11/images/SH11-U1-first.png
foreign-guard: OK — 1 non-owner files unchanged
unit SH11-U1-first 已生成，待 QC/accept（paid-state: automation/fenshou-pengyou.paid-state.json）
SH11-U1-first: technical QC passed; semantic QC pending
unit SH11-U1-first 技术 QC 过（语义 QC 见配置）
[24/26] 11:33:42 asset SH11-U1-last ...
prompt review gate: pass (image, seedance-prompt-zh)
prompt review gate: pass (image, seedance-prompt-zh)
image saved: /home/ubuntu/ads_skill/replication/output/douyin-fenshou-pengyou-20260918/shots/shot-SH11/images/SH11-U1-last.png
generated; semantic QC required: /home/ubuntu/ads_skill/replication/output/douyin-fenshou-pengyou-20260918/shots/shot-SH11/images/SH11-U1-last.png
foreign-guard: OK — 1 non-owner files unchanged
unit SH11-U1-last 已生成，待 QC/accept（paid-state: automation/fenshou-pengyou.paid-state.json）
SH11-U1-last: technical QC passed; semantic QC pending
unit SH11-U1-last 技术 QC 过（语义 QC 见配置）
[25/26] 11:35:49 asset SH11-U2-first ...
prompt review gate: pass (image, seedance-prompt-zh)
prompt review gate: pass (image, seedance-prompt-zh)
image saved: /home/ubuntu/ads_skill/replication/output/douyin-fenshou-pengyou-20260918/shots/shot-SH11/images/SH11-U2-first.png
generated; semantic QC required: /home/ubuntu/ads_skill/replication/output/douyin-fenshou-pengyou-20260918/shots/shot-SH11/images/SH11-U2-first.png
foreign-guard: OK — 1 non-owner files unchanged
unit SH11-U2-first 已生成，待 QC/accept（paid-state: automation/fenshou-pengyou.paid-state.json）
SH11-U2-first: technical QC passed; semantic QC pending
unit SH11-U2-first 技术 QC 过（语义 QC 见配置）
[26/26] 11:37:05 asset SH11-U2-last ...
prompt review gate: pass (image, seedance-prompt-zh)
prompt review gate: pass (image, seedance-prompt-zh)
image saved: /home/ubuntu/ads_skill/replication/output/douyin-fenshou-pengyou-20260918/shots/shot-SH11/images/SH11-U2-last.png
generated; semantic QC required: /home/ubuntu/ads_skill/replication/output/douyin-fenshou-pengyou-20260918/shots/shot-SH11/images/SH11-U2-last.png
foreign-guard: OK — 1 non-owner files unchanged
unit SH11-U2-last 已生成，待 QC/accept（paid-state: automation/fenshou-pengyou.paid-state.json）
SH11-U2-last: technical QC passed; semantic QC pending
unit SH11-U2-last 技术 QC 过（语义 QC 见配置）
=== 批量完成: 全部 26 张已生成+技术QC ===
